src/pages/ReportPreview.tsx(2,25): error TS2307: Cannot find module '@/hooks/useAuth' or its corresponding type declarations.
src/pages/ReportPreview.tsx(4,89): error TS2307: Cannot find module '@/data/demoData' or its corresponding type declarations.
src/pages/ReportPreview.tsx(5,37): error TS2307: Cannot find module '@/utils/trustEngine' or its corresponding type declarations.
src/pages/ReportPreview.tsx(24,20): error TS2307: Cannot find module '@/lib/firebase' or its corresponding type declarations.
src/pages/ReportPreview.tsx(26,38): error TS2307: Cannot find module '@/utils/pdfReport' or its corresponding type declarations.
src/pages/ReportPreview.tsx(28,59): error TS2307: Cannot find module '@/utils/financial' or its corresponding type declarations.
src/pages/ReportPreview.tsx(240,5): error TS17004: Cannot use JSX unless the '--jsx' flag is provided.
src/pages/ReportPreview.tsx(243,7): error TS17004: Cannot use JSX unless the '--jsx' flag is provided.
src/pages/ReportPreview.tsx(246,9): error TS17004: Cannot use JSX unless the '--jsx' flag is provided.
src/pages/ReportPreview.tsx(247,9): error TS17004: Cannot use JSX unless the '--jsx' flag is provided.
src/pages/ReportPreview.tsx(249,9): error TS17004: Cannot use JSX unless the '--jsx' flag is provided.
src/pages/ReportPreview.tsx(250,11): error TS17004: Cannot use JSX unless the '--jsx' flag is provided.
src/pages/ReportPreview.tsx(254,13): error TS17004: Cannot use JSX unless the '--jsx' flag is provided.
src/pages/ReportPreview.tsx(256,11): error TS17004: Cannot use JSX unless the '--jsx' flag is provided.
src/pages/ReportPreview.tsx(259,11): error TS17004: Cannot use JSX unless the '--jsx' flag is provided.
src/pages/ReportPreview.tsx(262,9): error TS17004: Cannot use JSX unless the '--jsx' flag is provided.
src/pages/ReportPreview.tsx(265,11): error TS17004: Cannot use JSX unless the '--jsx' flag is provided.
src/pages/ReportPreview.tsx(266,13): error TS17004: Cannot use JSX unless the '--jsx' flag is provided.
src/pages/ReportPreview.tsx(267,15): error TS17004: Cannot use JSX unless the '--jsx' flag is provided.
src/pages/ReportPreview.tsx(269,15): error TS17004: Cannot use JSX unless the '--jsx' flag is provided.
src/pages/ReportPreview.tsx(270,17): error TS17004: Cannot use JSX unless the '--jsx' flag is provided.
src/pages/ReportPreview.tsx(271,19): error TS17004: Cannot use JSX unless the '--jsx' flag is provided.
src/pages/ReportPreview.tsx(273,17): error TS17004: Cannot use JSX unless the '--jsx' flag is provided.
src/pages/ReportPreview.tsx(274,17): error TS17004: Cannot use JSX unless the '--jsx' flag is provided.
src/pages/ReportPreview.tsx(275,19): error TS17004: Cannot use JSX unless the '--jsx' flag is provided.
src/pages/ReportPreview.tsx(276,19): error TS17004: Cannot use JSX unless the '--jsx' flag is provided.
src/pages/ReportPreview.tsx(277,19): error TS17004: Cannot use JSX unless the '--jsx' flag is provided.
src/pages/ReportPreview.tsx(281,15): error TS17004: Cannot use JSX unless the '--jsx' flag is provided.
src/pages/ReportPreview.tsx(293,19): error TS17004: Cannot use JSX unless the '--jsx' flag is provided.
src/pages/ReportPreview.tsx(294,21): error TS17004: Cannot use JSX unless the '--jsx' flag is provided.
src/pages/ReportPreview.tsx(295,23): error TS17004: Cannot use JSX unless the '--jsx' flag is provided.
src/pages/ReportPreview.tsx(297,21): error TS17004: Cannot use JSX unless the '--jsx' flag is provided.
src/pages/ReportPreview.tsx(298,21): error TS17004: Cannot use JSX unless the '--jsx' flag is provided.
src/pages/ReportPreview.tsx(303,15): error TS17004: Cannot use JSX unless the '--jsx' flag is provided.
src/pages/ReportPreview.tsx(304,17): error TS17004: Cannot use JSX unless the '--jsx' flag is provided.
src/pages/ReportPreview.tsx(305,19): error TS17004: Cannot use JSX unless the '--jsx' flag is provided.
src/pages/ReportPreview.tsx(307,17): error TS17004: Cannot use JSX unless the '--jsx' flag is provided.
src/pages/ReportPreview.tsx(308,19): error TS17004: Cannot use JSX unless the '--jsx' flag is provided.
src/pages/ReportPreview.tsx(309,19): error TS17004: Cannot use JSX unless the '--jsx' flag is provided.
src/pages/ReportPreview.tsx(314,13): error TS17004: Cannot use JSX unless the '--jsx' flag is provided.
src/pages/ReportPreview.tsx(351,73): error TS17004: Cannot use JSX unless the '--jsx' flag is provided.
src/pages/ReportPreview.tsx(351,159): error TS17004: Cannot use JSX unless the '--jsx' flag is provided.
src/pages/ReportPreview.tsx(355,15): error TS17004: Cannot use JSX unless the '--jsx' flag is provided.
src/pages/ReportPreview.tsx(362,11): error TS17004: Cannot use JSX unless the '--jsx' flag is provided.
src/pages/ReportPreview.tsx(363,13): error TS17004: Cannot use JSX unless the '--jsx' flag is provided.
src/pages/ReportPreview.tsx(364,15): error TS17004: Cannot use JSX unless the '--jsx' flag is provided.
src/pages/ReportPreview.tsx(365,17): error TS17004: Cannot use JSX unless the '--jsx' flag is provided.
src/pages/ReportPreview.tsx(366,19): error TS17004: Cannot use JSX unless the '--jsx' flag is provided.
src/pages/ReportPreview.tsx(368,17): error TS17004: Cannot use JSX unless the '--jsx' flag is provided.
src/pages/ReportPreview.tsx(370,15): error TS17004: Cannot use JSX unless the '--jsx' flag is provided.
src/pages/ReportPreview.tsx(371,17): error TS17004: Cannot use JSX unless the '--jsx' flag is provided.
src/pages/ReportPreview.tsx(372,19): error TS17004: Cannot use JSX unless the '--jsx' flag is provided.
src/pages/ReportPreview.tsx(373,21): error TS17004: Cannot use JSX unless the '--jsx' flag is provided.
src/pages/ReportPreview.tsx(374,21): error TS17004: Cannot use JSX unless the '--jsx' flag is provided.
src/pages/ReportPreview.tsx(375,21): error TS17004: Cannot use JSX unless the '--jsx' flag is provided.
src/pages/ReportPreview.tsx(381,13): error TS17004: Cannot use JSX unless the '--jsx' flag is provided.
src/pages/ReportPreview.tsx(382,15): error TS17004: Cannot use JSX unless the '--jsx' flag is provided.
src/pages/ReportPreview.tsx(383,17): error TS17004: Cannot use JSX unless the '--jsx' flag is provided.
src/pages/ReportPreview.tsx(384,19): error TS17004: Cannot use JSX unless the '--jsx' flag is provided.
src/pages/ReportPreview.tsx(388,17): error TS17004: Cannot use JSX unless the '--jsx' flag is provided.
src/pages/ReportPreview.tsx(389,20): error TS17004: Cannot use JSX unless the '--jsx' flag is provided.
src/pages/ReportPreview.tsx(390,23): error TS17004: Cannot use JSX unless the '--jsx' flag is provided.
src/pages/ReportPreview.tsx(391,23): error TS17004: Cannot use JSX unless the '--jsx' flag is provided.
src/pages/ReportPreview.tsx(393,20): error TS17004: Cannot use JSX unless the '--jsx' flag is provided.
src/pages/ReportPreview.tsx(394,23): error TS17004: Cannot use JSX unless the '--jsx' flag is provided.
src/pages/ReportPreview.tsx(395,23): error TS17004: Cannot use JSX unless the '--jsx' flag is provided.
src/pages/ReportPreview.tsx(396,51): error TS17004: Cannot use JSX unless the '--jsx' flag is provided.
src/pages/ReportPreview.tsx(396,80): error TS17004: Cannot use JSX unless the '--jsx' flag is provided.
src/pages/ReportPreview.tsx(402,17): error TS17004: Cannot use JSX unless the '--jsx' flag is provided.
src/pages/ReportPreview.tsx(404,21): error TS17004: Cannot use JSX unless the '--jsx' flag is provided.
src/pages/ReportPreview.tsx(405,23): error TS17004: Cannot use JSX unless the '--jsx' flag is provided.
src/pages/ReportPreview.tsx(406,23): error TS17004: Cannot use JSX unless the '--jsx' flag is provided.
src/pages/ReportPreview.tsx(407,25): error TS17004: Cannot use JSX unless the '--jsx' flag is provided.
src/pages/ReportPreview.tsx(419,7): error TS17004: Cannot use JSX unless the '--jsx' flag is provided.
src/pages/ReportPreview.tsx(420,9): error TS17004: Cannot use JSX unless the '--jsx' flag is provided.
src/pages/ReportPreview.tsx(423,11): error TS17004: Cannot use JSX unless the '--jsx' flag is provided.
src/pages/ReportPreview.tsx(424,13): error TS17004: Cannot use JSX unless the '--jsx' flag is provided.
src/pages/ReportPreview.tsx(425,15): error TS17004: Cannot use JSX unless the '--jsx' flag is provided.
src/pages/ReportPreview.tsx(426,17): error TS17004: Cannot use JSX unless the '--jsx' flag is provided.
src/pages/ReportPreview.tsx(427,19): error TS17004: Cannot use JSX unless the '--jsx' flag is provided.
src/pages/ReportPreview.tsx(429,17): error TS17004: Cannot use JSX unless the '--jsx' flag is provided.
src/pages/ReportPreview.tsx(430,19): error TS17004: Cannot use JSX unless the '--jsx' flag is provided.
src/pages/ReportPreview.tsx(431,19): error TS17004: Cannot use JSX unless the '--jsx' flag is provided.
src/pages/ReportPreview.tsx(434,15): error TS17004: Cannot use JSX unless the '--jsx' flag is provided.
src/pages/ReportPreview.tsx(435,15): error TS17004: Cannot use JSX unless the '--jsx' flag is provided.
src/pages/ReportPreview.tsx(437,13): error TS17004: Cannot use JSX unless the '--jsx' flag is provided.
src/pages/ReportPreview.tsx(438,15): error TS17004: Cannot use JSX unless the '--jsx' flag is provided.
src/pages/ReportPreview.tsx(441,15): error TS17004: Cannot use JSX unless the '--jsx' flag is provided.
src/pages/ReportPreview.tsx(442,17): error TS17004: Cannot use JSX unless the '--jsx' flag is provided.
src/pages/ReportPreview.tsx(443,17): error TS17004: Cannot use JSX unless the '--jsx' flag is provided.
src/pages/ReportPreview.tsx(449,11): error TS17004: Cannot use JSX unless the '--jsx' flag is provided.
src/pages/ReportPreview.tsx(450,13): error TS17004: Cannot use JSX unless the '--jsx' flag is provided.
src/pages/ReportPreview.tsx(451,15): error TS17004: Cannot use JSX unless the '--jsx' flag is provided.
src/pages/ReportPreview.tsx(452,17): error TS17004: Cannot use JSX unless the '--jsx' flag is provided.
src/pages/ReportPreview.tsx(453,17): error TS17004: Cannot use JSX unless the '--jsx' flag is provided.
src/pages/ReportPreview.tsx(454,17): error TS17004: Cannot use JSX unless the '--jsx' flag is provided.
src/pages/ReportPreview.tsx(456,15): error TS17004: Cannot use JSX unless the '--jsx' flag is provided.
src/pages/ReportPreview.tsx(457,17): error TS17004: Cannot use JSX unless the '--jsx' flag is provided.
src/pages/ReportPreview.tsx(458,19): error TS17004: Cannot use JSX unless the '--jsx' flag is provided.
src/pages/ReportPreview.tsx(459,19): error TS17004: Cannot use JSX unless the '--jsx' flag is provided.
src/pages/ReportPreview.tsx(461,17): error TS17004: Cannot use JSX unless the '--jsx' flag is provided.
src/pages/ReportPreview.tsx(462,19): error TS17004: Cannot use JSX unless the '--jsx' flag is provided.
src/pages/ReportPreview.tsx(463,19): error TS17004: Cannot use JSX unless the '--jsx' flag is provided.
src/pages/ReportPreview.tsx(466,15): error TS17004: Cannot use JSX unless the '--jsx' flag is provided.
src/pages/ReportPreview.tsx(467,17): error TS17004: Cannot use JSX unless the '--jsx' flag is provided.
src/pages/ReportPreview.tsx(468,17): error TS17004: Cannot use JSX unless the '--jsx' flag is provided.
src/pages/ReportPreview.tsx(473,13): error TS17004: Cannot use JSX unless the '--jsx' flag is provided.
src/pages/ReportPreview.tsx(474,15): error TS17004: Cannot use JSX unless the '--jsx' flag is provided.
src/pages/ReportPreview.tsx(475,15): error TS17004: Cannot use JSX unless the '--jsx' flag is provided.
src/pages/ReportPreview.tsx(476,17): error TS17004: Cannot use JSX unless the '--jsx' flag is provided.
src/pages/ReportPreview.tsx(477,17): error TS17004: Cannot use JSX unless the '--jsx' flag is provided.
src/pages/ReportPreview.tsx(479,15): error TS17004: Cannot use JSX unless the '--jsx' flag is provided.
src/pages/ReportPreview.tsx(486,11): error TS17004: Cannot use JSX unless the '--jsx' flag is provided.
src/pages/ReportPreview.tsx(487,13): error TS17004: Cannot use JSX unless the '--jsx' flag is provided.
src/pages/ReportPreview.tsx(488,15): error TS17004: Cannot use JSX unless the '--jsx' flag is provided.
src/pages/ReportPreview.tsx(490,13): error TS17004: Cannot use JSX unless the '--jsx' flag is provided.
src/pages/ReportPreview.tsx(491,15): error TS17004: Cannot use JSX unless the '--jsx' flag is provided.
src/pages/ReportPreview.tsx(492,17): error TS17004: Cannot use JSX unless the '--jsx' flag is provided.
src/pages/ReportPreview.tsx(493,19): error TS17004: Cannot use JSX unless the '--jsx' flag is provided.
src/pages/ReportPreview.tsx(494,21): error TS17004: Cannot use JSX unless the '--jsx' flag is provided.
src/pages/ReportPreview.tsx(495,21): error TS17004: Cannot use JSX unless the '--jsx' flag is provided.
src/pages/ReportPreview.tsx(496,21): error TS17004: Cannot use JSX unless the '--jsx' flag is provided.
src/pages/ReportPreview.tsx(497,21): error TS17004: Cannot use JSX unless the '--jsx' flag is provided.
src/pages/ReportPreview.tsx(500,17): error TS17004: Cannot use JSX unless the '--jsx' flag is provided.
src/pages/ReportPreview.tsx(509,21): error TS17004: Cannot use JSX unless the '--jsx' flag is provided.
src/pages/ReportPreview.tsx(510,23): error TS17004: Cannot use JSX unless the '--jsx' flag is provided.
src/pages/ReportPreview.tsx(511,23): error TS17004: Cannot use JSX unless the '--jsx' flag is provided.
src/pages/ReportPreview.tsx(512,23): error TS17004: Cannot use JSX unless the '--jsx' flag is provided.
src/pages/ReportPreview.tsx(513,23): error TS17004: Cannot use JSX unless the '--jsx' flag is provided.
src/pages/ReportPreview.tsx(517,17): error TS17004: Cannot use JSX unless the '--jsx' flag is provided.
src/pages/ReportPreview.tsx(518,19): error TS17004: Cannot use JSX unless the '--jsx' flag is provided.
src/pages/ReportPreview.tsx(519,21): error TS17004: Cannot use JSX unless the '--jsx' flag is provided.
src/pages/ReportPreview.tsx(520,21): error TS17004: Cannot use JSX unless the '--jsx' flag is provided.
src/pages/ReportPreview.tsx(521,21): error TS17004: Cannot use JSX unless the '--jsx' flag is provided.
src/pages/ReportPreview.tsx(522,21): error TS17004: Cannot use JSX unless the '--jsx' flag is provided.
src/pages/ReportPreview.tsx(530,11): error TS17004: Cannot use JSX unless the '--jsx' flag is provided.
src/pages/ReportPreview.tsx(531,13): error TS17004: Cannot use JSX unless the '--jsx' flag is provided.
src/pages/ReportPreview.tsx(532,16): error TS17004: Cannot use JSX unless the '--jsx' flag is provided.
src/pages/ReportPreview.tsx(533,17): error TS17004: Cannot use JSX unless the '--jsx' flag is provided.
src/pages/ReportPreview.tsx(535,15): error TS17004: Cannot use JSX unless the '--jsx' flag is provided.
src/pages/ReportPreview.tsx(536,17): error TS17004: Cannot use JSX unless the '--jsx' flag is provided.
src/pages/ReportPreview.tsx(537,17): error TS17004: Cannot use JSX unless the '--jsx' flag is provided.
src/pages/ReportPreview.tsx(538,17): error TS17004: Cannot use JSX unless the '--jsx' flag is provided.
src/pages/ReportPreview.tsx(543,13): error TS17004: Cannot use JSX unless the '--jsx' flag is provided.
src/pages/ReportPreview.tsx(544,15): error TS17004: Cannot use JSX unless the '--jsx' flag is provided.
src/pages/ReportPreview.tsx(545,17): error TS17004: Cannot use JSX unless the '--jsx' flag is provided.
src/pages/ReportPreview.tsx(547,15): error TS17004: Cannot use JSX unless the '--jsx' flag is provided.
src/pages/ReportPreview.tsx(548,17): error TS17004: Cannot use JSX unless the '--jsx' flag is provided.
src/pages/ReportPreview.tsx(549,19): error TS17004: Cannot use JSX unless the '--jsx' flag is provided.
src/pages/ReportPreview.tsx(551,17): error TS17004: Cannot use JSX unless the '--jsx' flag is provided.
src/pages/ReportPreview.tsx(552,19): error TS17004: Cannot use JSX unless the '--jsx' flag is provided.
src/pages/ReportPreview.tsx(554,17): error TS17004: Cannot use JSX unless the '--jsx' flag is provided.
src/pages/ReportPreview.tsx(555,19): error TS17004: Cannot use JSX unless the '--jsx' flag is provided.
src/pages/ReportPreview.tsx(562,11): error TS17004: Cannot use JSX unless the '--jsx' flag is provided.
src/pages/ReportPreview.tsx(563,13): error TS17004: Cannot use JSX unless the '--jsx' flag is provided.
src/pages/ReportPreview.tsx(564,15): error TS17004: Cannot use JSX unless the '--jsx' flag is provided.
src/pages/ReportPreview.tsx(565,15): error TS17004: Cannot use JSX unless the '--jsx' flag is provided.
src/pages/ReportPreview.tsx(570,13): error TS17004: Cannot use JSX unless the '--jsx' flag is provided.
src/pages/ReportPreview.tsx(577,9): error TS17004: Cannot use JSX unless the '--jsx' flag is provided.
src/pages/ReportPreview.tsx(578,12): error TS17004: Cannot use JSX unless the '--jsx' flag is provided.
src/pages/ReportPreview.tsx(579,15): error TS17004: Cannot use JSX unless the '--jsx' flag is provided.
src/pages/ReportPreview.tsx(580,18): error TS17004: Cannot use JSX unless the '--jsx' flag is provided.
src/pages/ReportPreview.tsx(581,18): error TS17004: Cannot use JSX unless the '--jsx' flag is provided.
src/pages/ReportPreview.tsx(582,21): error TS17004: Cannot use JSX unless the '--jsx' flag is provided.
src/pages/ReportPreview.tsx(585,15): error TS17004: Cannot use JSX unless the '--jsx' flag is provided.
src/pages/ReportPreview.tsx(586,18): error TS17004: Cannot use JSX unless the '--jsx' flag is provided.
src/pages/ReportPreview.tsx(587,18): error TS17004: Cannot use JSX unless the '--jsx' flag is provided.
src/pages/ReportPreview.tsx(591,15): error TS17004: Cannot use JSX unless the '--jsx' flag is provided.
src/pages/ReportPreview.tsx(592,18): error TS17004: Cannot use JSX unless the '--jsx' flag is provided.
src/pages/ReportPreview.tsx(593,21): error TS17004: Cannot use JSX unless the '--jsx' flag is provided.
src/pages/ReportPreview.tsx(595,18): error TS17004: Cannot use JSX unless the '--jsx' flag is provided.
src/pages/ReportPreview.tsx(599,15): error TS17004: Cannot use JSX unless the '--jsx' flag is provided.
src/pages/ReportPreview.tsx(610,7): error TS17004: Cannot use JSX unless the '--jsx' flag is provided.
